= link:pip.html[pip] / 快速入門
:title: 快速入門 pip

以 Robot Framework 很快地來體驗一下 pip。

--------------------------------------------------------------------------------
$ pip search "robot framework" <1>
robotframework-httplibrary - Robot Framework keywords for HTTP requests
robotframework-ride       - RIDE :: Robot Framework Test Data Editor
robotframework-requests   - Robot Framework keyword library wrapper around requests
robotframework-databaselibrary - Database utility library for Robot Framework
RoboMachine               - Test data generator for Robot Framework
robotframework-seleniumlibrary - Web testing library for Robot Framework
  INSTALLED: 2.8
  LATEST:    2.8.1
robotframework-rammbock   - Protocol testing library for Robot Framework
artie                     - IRC utility robot framework for Python
abl.robot                 - The Ableton Robot Framework, for writing daemons or commandline tools, with powerful features for error handling and logging.
robotframework-sshlibrary - Test Library for Robot Framework enabling SSH
robotframework-selenium2library - Web testing library for Robot Framework
robotframework-difflibrary - Robot Framework keyword library for textual diffing
SSHLibrary                - Test Library for Robot Framework enabling SSH
$
$ sudo pip install robotframework <2>
Downloading/unpacking robotframework
  Downloading robotframework-2.7.1.tar.gz (498Kb): 498Kb downloaded
  Running setup.py egg_info for package robotframework
    no previously-included directories found matching 'src/robot/htmldata/testdata'
    no previously-included directories found matching 'tools/*/test'
Installing collected packages: robotframework
  Running setup.py install for robotframework
    changing mode of build/scripts-2.6/pybot from 644 to 755
    changing mode of build/scripts-2.6/rebot from 644 to 755
    no previously-included directories found matching 'src/robot/htmldata/testdata'
    no previously-included directories found matching 'tools/*/test'
    changing mode of /usr/local/bin/pybot to 755
    changing mode of /usr/local/bin/rebot to 755
Successfully installed robotframework
Cleaning up...
$
$ ls -l /usr/local/lib/python2.6/dist-packages/ | grep robot <3>
drwxr-sr-x 17 root staff 4096 2012-05-06 08:11 robot
drwxr-sr-x  2 root staff 4096 2012-05-06 08:11 robotframework-2.7.1-py2.6.egg-info
$ ls /usr/local/lib/python2.6/dist-packages/robotframework-2.7.1-py2.6.egg-info
dependency_links.txt  installed-files.txt  PKG-INFO  SOURCES.txt  top_level.txt
$ cat /usr/local/lib/python2.6/dist-packages/robotframework-2.7.1-py2.6.egg-info/top_level.txt 
robot
$ cat /usr/local/lib/python2.6/dist-packages/robotframework-2.7.1-py2.6.egg-info/installed-files.txt 
../robot/runner.py
../robot/run.py
...
../robot/writer/htmltemplate.pyc
./
SOURCES.txt
dependency_links.txt
PKG-INFO
top_level.txt
../../../../bin/pybot
../../../../bin/rebot
$
$ sudo pip uninstall robotframework <4>
Uninstalling robotframework:
  /usr/local/bin/pybot
  /usr/local/bin/rebot
  /usr/local/lib/python2.6/dist-packages/robot
  /usr/local/lib/python2.6/dist-packages/robotframework-2.7.1-py2.6.egg-info
Proceed (y/n)? y
  Successfully uninstalled robotframework
--------------------------------------------------------------------------------
<1> 找出 Robot Framework 在 PyPI 上的套件名稱。
<2> 安裝 `robotframework` 套件。
<3> 套件被安裝到 `/usr/local/lib/python2.6/dist-packages/` 底下，`robotframework-2.7.1-py2.6.egg-info/installed-files.txt` 記錄有所有安裝的檔案，難怪反安裝時可以清乾淨。
<4> 簡單一行指令就可以把 `robotframework` 套件整個移除掉，包括自動安裝的 scripts。

